==============================================================================================
VERIFICATION

  [project_disjoint]
    projects: train= 73  valid= 73  test= 25
    train-test project overlap: 0 of 25 test projects (0.0%)
    rows: train=5114  valid=1279  test=2181  total=8574

  [same_project]
    projects: train= 97  valid= 95  test= 97
    train-test project overlap: 96 of 97 test projects (99.0%)
    rows: train=5114  valid=1279  test=2181  total=8574

  row sets identical original vs placeholder [project_disjoint]: True

  row sets identical original vs placeholder [same_project]: True

  ALL CHECKS PASSED: True

==============================================================================================
CLASS DISTRIBUTION (identical for original and placeholder by construction)
                                    project-disjoint                 same-project
class                        train   valid    test      train   valid    test
Async Wait                      42      10      24         41      11      24
Concurrency                     16       4      17         14       6      17
Time                            14       4      15         14       4      15
Unordered Collections           30       7       4         29       8       4
Test Order Dependency           40      10      43         38      12      43
Non-flaky                     4972    1244    2078       4978    1238    2078
TOTAL                         5114    1279    2181       5114    1279    2181

wrote 12 csv files under experiments/placeholder_study/data/splits/  + config.json
